2022-06-03 15:50:53,578 __main__ DEBUG 수준 :  ['ㄱa', 'ㄴb', 'ㄷc', 'ㄹd', 'ㅁe', 'ㅂf', 'ㅅg', 'ㅇh', 'ㅈi', 'ㅊj']
2022-06-03 15:50:53,578 __main__ INFO 수준 : ['ㄱa', 'ㄴb', 'ㄷc', 'ㄹd', 'ㅁe', 'ㅂf', 'ㅅg', 'ㅇh', 'ㅈi', 'ㅊj']
2022-06-03 15:50:53,579 __main__ WARNING 수준 : ['ㄱa', 'ㄴb', 'ㄷc', 'ㄹd', 'ㅁe', 'ㅂf', 'ㅅg', 'ㅇh', 'ㅈi', 'ㅊj']
2022-06-03 15:50:53,579 __main__ ERROR 수준 : ['ㄱa', 'ㄴb', 'ㄷc', 'ㄹd', 'ㅁe', 'ㅂf', 'ㅅg', 'ㅇh', 'ㅈi', 'ㅊj']
2022-06-03 15:50:53,579 __main__ CRITICAL 수준 : ['ㄱa', 'ㄴb', 'ㄷc', 'ㄹd', 'ㅁe', 'ㅂf', 'ㅅg', 'ㅇh', 'ㅈi', 'ㅊj']
